"","l_shipmode","high_line_count","low_line_count"
"1","MAIL",647,945
"2","SHIP",620,943
