"","l_orderkey","revenue","o_orderdate","o_shippriority"
"1",223140,355369.0698,1995-03-14,0
"2",584291,354494.7318,1995-02-21,0
"3",405063,353125.4577,1995-03-03,0
"4",573861,351238.277,1995-03-09,0
"5",554757,349181.7426,1995-03-14,0
"6",506021,321075.581,1995-03-10,0
"7",121604,318576.4154,1995-03-07,0
"8",108514,314967.0754,1995-02-20,0
"9",462502,312604.542,1995-03-08,0
"10",178727,309728.9306,1995-02-25,0
