"","c_count","custdist"
"1",0,5000
"2",10,665
"3",9,657
"4",11,621
"5",12,567
"6",8,564
"7",13,492
"8",18,482
"9",7,480
"10",20,456
"11",14,456
"12",16,449
"13",19,447
"14",15,432
"15",17,423
"16",21,412
"17",22,371
"18",6,337
"19",23,323
"20",24,256
"21",25,204
"22",5,204
"23",26,155
"24",27,141
"25",28,97
"26",4,94
"27",29,64
"28",3,48
"29",30,27
"30",31,26
"31",32,14
"32",33,11
"33",2,11
"34",34,6
"35",35,5
"36",1,2
"37",36,1
