"","cntrycode","numcust","totacctbal"
"1","13",94,714035.05
"2","17",96,722560.15
"3","18",99,738012.52
"4","23",93,708285.25
"5","29",85,632693.46
"6","30",87,646748.02
"7","31",87,647372.5
