"","supp_nation","cust_nation","l_year","revenue"
"1","FRANCE","GERMANY",1995,4637235.1501
"2","FRANCE","GERMANY",1996,5224779.5736
"3","GERMANY","FRANCE",1995,6232818.7037
"4","GERMANY","FRANCE",1996,5557312.1121
