"","s_name","s_address"
"1","Supplier#000000157",",mEGorBfVIm"
"2","Supplier#000000197","YC2Acon6kjY3zj3Fbxs2k4Vdf7X0cd2F"
"3","Supplier#000000287","7a9SP7qW5Yku5PvSg"
"4","Supplier#000000378","FfbhyCxWvcPrO8ltp9"
"5","Supplier#000000530","0qwCMwobKY OcmLyfRXlagA8ukENJv,"
"6","Supplier#000000555","TfB,a5bfl3Ah 3Z 74GqnNs6zKVGM"
"7","Supplier#000000557","jj0wUYh9K3fG5Jhdhrkuy ,4"
"8","Supplier#000000729","pqck2ppy758TQpZCUAjPvlU55K3QjfL7Bi"
"9","Supplier#000000935","ij98czM 2KzWe7dDTOxB8sq0UfCdvrX"
