"","n_name","revenue"
"1","CHINA",7822103
"2","INDIA",6376121.5085
"3","JAPAN",6000077.2184
"4","INDONESIA",5580475.4027
"5","VIETNAM",4497840.5466
