"","o_orderpriority","order_count"
"1","1-URGENT",999
"2","2-HIGH",997
"3","3-MEDIUM",1031
"4","4-NOT SPECIFIED",989
"5","5-LOW",1077
